Build started 4/6/2026 11:08:36 AM.
     1>Project "D:\LE TUNG\CS02\HK8\LTCSDL\online-sales-management-system\API\API.csproj" on node 1 (Restore target(s)).
     1>_GetAllRestoreProjectPathItems:
         Determining projects to restore...
     1>Project "D:\LE TUNG\CS02\HK8\LTCSDL\online-sales-management-system\API\API.csproj" (1) is building "D:\LE TUNG\CS02\HK8\LTCSDL\online-sales-management-system\Module\Model.csproj" (4:6) on node 2 (_GenerateProjectRestoreGraph target(s)).
     4>AddPrunePackageReferences:
         Loading prune package data from PrunePackageData folder
         Failed to load prune package data from PrunePackageData folder, loading from targeting packs instead
         Looking for targeting packs in C:\Program Files\dotnet\packs\Microsoft.NETCore.App.Ref
         Pack directories found: C:\Program Files\dotnet\packs\Microsoft.NETCore.App.Ref\10.0.2
         Found package overrides file C:\Program Files\dotnet\packs\Microsoft.NETCore.App.Ref\10.0.2\data\PackageOverrides.txt
     1>Project "D:\LE TUNG\CS02\HK8\LTCSDL\online-sales-management-system\API\API.csproj" (1) is building "D:\LE TUNG\CS02\HK8\LTCSDL\online-sales-management-system\BLL\BLL.csproj" (2:4) on node 1 (_GenerateProjectRestoreGraph target(s)).
     2>AddPrunePackageReferences:
         Loading prune package data from PrunePackageData folder
         Failed to load prune package data from PrunePackageData folder, loading from targeting packs instead
         Looking for targeting packs in C:\Program Files\dotnet\packs\Microsoft.NETCore.App.Ref
         Pack directories found: C:\Program Files\dotnet\packs\Microsoft.NETCore.App.Ref\10.0.2
     4>Done Building Project "D:\LE TUNG\CS02\HK8\LTCSDL\online-sales-management-system\Module\Model.csproj" (_GenerateProjectRestoreGraph target(s)).
     2>AddPrunePackageReferences:
         Found package overrides file C:\Program Files\dotnet\packs\Microsoft.NETCore.App.Ref\10.0.2\data\PackageOverrides.txt
     2>Done Building Project "D:\LE TUNG\CS02\HK8\LTCSDL\online-sales-management-system\BLL\BLL.csproj" (_GenerateProjectRestoreGraph target(s)).
     1>Project "D:\LE TUNG\CS02\HK8\LTCSDL\online-sales-management-system\API\API.csproj" (1) is building "D:\LE TUNG\CS02\HK8\LTCSDL\online-sales-management-system\API\API.csproj" (1:6) on node 1 (_GenerateProjectRestoreGraph target(s)).
     1>AddPrunePackageReferences:
         Loading prune package data from PrunePackageData folder
         Failed to load prune package data from PrunePackageData folder, loading from targeting packs instead
         Looking for targeting packs in C:\Program Files\dotnet\packs\Microsoft.NETCore.App.Ref
         Pack directories found: C:\Program Files\dotnet\packs\Microsoft.NETCore.App.Ref\10.0.2
         Found package overrides file C:\Program Files\dotnet\packs\Microsoft.NETCore.App.Ref\10.0.2\data\PackageOverrides.txt
         Loading prune package data from PrunePackageData folder
         Failed to load prune package data from PrunePackageData folder, loading from targeting packs instead
         Looking for targeting packs in C:\Program Files\dotnet\packs\Microsoft.AspNetCore.App.Ref
         Pack directories found: C:\Program Files\dotnet\packs\Microsoft.AspNetCore.App.Ref\10.0.2
         Found package overrides file C:\Program Files\dotnet\packs\Microsoft.AspNetCore.App.Ref\10.0.2\data\PackageOverrides.txt
     1>Done Building Project "D:\LE TUNG\CS02\HK8\LTCSDL\online-sales-management-system\API\API.csproj" (_GenerateProjectRestoreGraph target(s)).
     1>Restore:
         X.509 certificate chain validation will use the default trust store selected by .NET for code signing.
         X.509 certificate chain validation will use the default trust store selected by .NET for timestamping.
         Assets file has not changed. Skipping assets file writing. Path: D:\LE TUNG\CS02\HK8\LTCSDL\online-sales-management-system\API\obj\project.assets.json
         Assets file has not changed. Skipping assets file writing. Path: D:\LE TUNG\CS02\HK8\LTCSDL\online-sales-management-system\BLL\obj\project.assets.json
         Assets file has not changed. Skipping assets file writing. Path: D:\LE TUNG\CS02\HK8\LTCSDL\online-sales-management-system\DAL\obj\project.assets.json
         Assets file has not changed. Skipping assets file writing. Path: D:\LE TUNG\CS02\HK8\LTCSDL\online-sales-management-system\Module\obj\project.assets.json
         Restored D:\LE TUNG\CS02\HK8\LTCSDL\online-sales-management-system\DAL\DAL.csproj (in 104 ms).
         Restored D:\LE TUNG\CS02\HK8\LTCSDL\online-sales-management-system\API\API.csproj (in 104 ms).
         Restored D:\LE TUNG\CS02\HK8\LTCSDL\online-sales-management-system\Module\Model.csproj (in 103 ms).
         Restored D:\LE TUNG\CS02\HK8\LTCSDL\online-sales-management-system\BLL\BLL.csproj (in 104 ms).
         
         NuGet Config files used:
             C:\Users\tungl\AppData\Roaming\NuGet\NuGet.Config
             C:\Program Files (x86)\NuGet\Config\Microsoft.VisualStudio.FallbackLocation.config
             C:\Program Files (x86)\NuGet\Config\Microsoft.VisualStudio.Offline.config
         
         Feeds used:
             https://api.nuget.org/v3/index.json
             C:\Program Files (x86)\Microsoft SDKs\NuGetPackages\
         All projects are up-to-date for restore.
     1>Done Building Project "D:\LE TUNG\CS02\HK8\LTCSDL\online-sales-management-system\API\API.csproj" (Restore target(s)).
   1:7>Project "D:\LE TUNG\CS02\HK8\LTCSDL\online-sales-management-system\API\API.csproj" on node 2 (default targets).
   1:7>Project "D:\LE TUNG\CS02\HK8\LTCSDL\online-sales-management-system\API\API.csproj" (1:7) is building "D:\LE TUNG\CS02\HK8\LTCSDL\online-sales-management-system\Module\Model.csproj" (4:8) on node 1 (default targets).
     4>GenerateTargetFrameworkMonikerAttribute:
       Skipping target "GenerateTargetFrameworkMonikerAttribute" because all output files are up-to-date with respect to the input files.
       CoreGenerateAssemblyInfo:
       Skipping target "CoreGenerateAssemblyInfo" because all output files are up-to-date with respect to the input files.
       _GenerateSourceLinkFile:
         Source Link file 'obj\Debug\net10.0\Model.sourcelink.json' is up-to-date.
       CoreCompile:
       Skipping target "CoreCompile" because all output files are up-to-date with respect to the input files.
       GenerateBuildDependencyFile:
       Skipping target "GenerateBuildDependencyFile" because all output files are up-to-date with respect to the input files.
       CopyFilesToOutputDirectory:
         Model -> D:\LE TUNG\CS02\HK8\LTCSDL\online-sales-management-system\Module\bin\Debug\net10.0\Model.dll
     4>Done Building Project "D:\LE TUNG\CS02\HK8\LTCSDL\online-sales-management-system\Module\Model.csproj" (default targets).
   1:7>Project "D:\LE TUNG\CS02\HK8\LTCSDL\online-sales-management-system\API\API.csproj" (1:7) is building "D:\LE TUNG\CS02\HK8\LTCSDL\online-sales-management-system\DAL\DAL.csproj" (3:6) on node 3 (default targets).
     3>GenerateTargetFrameworkMonikerAttribute:
       Skipping target "GenerateTargetFrameworkMonikerAttribute" because all output files are up-to-date with respect to the input files.
       CoreGenerateAssemblyInfo:
       Skipping target "CoreGenerateAssemblyInfo" because all output files are up-to-date with respect to the input files.
       _GenerateSourceLinkFile:
         Source Link file 'obj\Debug\net10.0\DAL.sourcelink.json' is up-to-date.
       CoreCompile:
       Skipping target "CoreCompile" because all output files are up-to-date with respect to the input files.
       GenerateBuildDependencyFile:
       Skipping target "GenerateBuildDependencyFile" because all output files are up-to-date with respect to the input files.
       GenerateBuildRuntimeConfigurationFiles:
       Skipping target "GenerateBuildRuntimeConfigurationFiles" because all output files are up-to-date with respect to the input files.
       CopyFilesToOutputDirectory:
         DAL -> D:\LE TUNG\CS02\HK8\LTCSDL\online-sales-management-system\DAL\bin\Debug\net10.0\DAL.dll
     3>Done Building Project "D:\LE TUNG\CS02\HK8\LTCSDL\online-sales-management-system\DAL\DAL.csproj" (default targets).
   1:7>Project "D:\LE TUNG\CS02\HK8\LTCSDL\online-sales-management-system\API\API.csproj" (1:7) is building "D:\LE TUNG\CS02\HK8\LTCSDL\online-sales-management-system\BLL\BLL.csproj" (2:6) on node 2 (default targets).
     2>GenerateTargetFrameworkMonikerAttribute:
       Skipping target "GenerateTargetFrameworkMonikerAttribute" because all output files are up-to-date with respect to the input files.
       CoreGenerateAssemblyInfo:
       Skipping target "CoreGenerateAssemblyInfo" because all output files are up-to-date with respect to the input files.
       _GenerateSourceLinkFile:
         Source Link file 'obj\Debug\net10.0\BLL.sourcelink.json' is up-to-date.
       CoreCompile:
       Skipping target "CoreCompile" because all output files are up-to-date with respect to the input files.
       GenerateBuildDependencyFile:
       Skipping target "GenerateBuildDependencyFile" because all output files are up-to-date with respect to the input files.
       CopyFilesToOutputDirectory:
         BLL -> D:\LE TUNG\CS02\HK8\LTCSDL\online-sales-management-system\BLL\bin\Debug\net10.0\BLL.dll
     2>Done Building Project "D:\LE TUNG\CS02\HK8\LTCSDL\online-sales-management-system\BLL\BLL.csproj" (default targets).
     1>GenerateTargetFrameworkMonikerAttribute:
       Skipping target "GenerateTargetFrameworkMonikerAttribute" because all output files are up-to-date with respect to the input files.
       CoreGenerateAssemblyInfo:
       Skipping target "CoreGenerateAssemblyInfo" because all output files are up-to-date with respect to the input files.
       _DiscoverMvcApplicationParts:
       Skipping target "_DiscoverMvcApplicationParts" because all output files are up-to-date with respect to the input files.
       _GenerateSourceLinkFile:
         Source Link file 'obj\Debug\net10.0\API.sourcelink.json' is up-to-date.
       CoreCompile:
       Skipping target "CoreCompile" because all output files are up-to-date with respect to the input files.
       _CreateAppHost:
       Skipping target "_CreateAppHost" because all output files are up-to-date with respect to the input files.
       _ProcessScopedCssFiles:
       Skipping target "_ProcessScopedCssFiles" because it has no outputs.
       _ProcessScopedCssFiles:
       Skipping target "_ProcessScopedCssFiles" because it has no outputs.
       _BuildCopyStaticWebAssetsPreserveNewest:
       Skipping target "_BuildCopyStaticWebAssetsPreserveNewest" because it has no outputs.
       _CopyFilesMarkedCopyLocal:
         Copying file from "D:\LE TUNG\CS02\HK8\LTCSDL\online-sales-management-system\DAL\bin\Debug\net10.0\DAL.dll" to "D:\LE TUNG\CS02\HK8\LTCSDL\online-sales-management-system\API\bin\Debug\net10.0\DAL.dll".
         Copying file from "D:\LE TUNG\CS02\HK8\LTCSDL\online-sales-management-system\BLL\bin\Debug\net10.0\BLL.dll" to "D:\LE TUNG\CS02\HK8\LTCSDL\online-sales-management-system\API\bin\Debug\net10.0\BLL.dll".
         Copying file from "D:\LE TUNG\CS02\HK8\LTCSDL\online-sales-management-system\Module\bin\Debug\net10.0\Model.dll" to "D:\LE TUNG\CS02\HK8\LTCSDL\online-sales-management-system\API\bin\Debug\net10.0\Model.dll".
     1>C:\Program Files\dotnet\sdk\10.0.102\Microsoft.Common.CurrentVersion.targets(5080,5): warning MSB3026: Could not copy "D:\LE TUNG\CS02\HK8\LTCSDL\online-sales-management-system\BLL\bin\Debug\net10.0\BLL.dll" to "bin\Debug\net10.0\BLL.dll". Beginning retry 1 in 1000ms. The process cannot access the file 'D:\LE TUNG\CS02\HK8\LTCSDL\online-sales-management-system\API\bin\Debug\net10.0\BLL.dll' because it is being used by another process. The file is locked by: "API (14020)" [D:\LE TUNG\CS02\HK8\LTCSDL\online-sales-management-system\API\API.csproj]
     1>C:\Program Files\dotnet\sdk\10.0.102\Microsoft.Common.CurrentVersion.targets(5080,5): warning MSB3026: Could not copy "D:\LE TUNG\CS02\HK8\LTCSDL\online-sales-management-system\Module\bin\Debug\net10.0\Model.dll" to "bin\Debug\net10.0\Model.dll". Beginning retry 1 in 1000ms. The process cannot access the file 'D:\LE TUNG\CS02\HK8\LTCSDL\online-sales-management-system\API\bin\Debug\net10.0\Model.dll' because it is being used by another process. The file is locked by: "API (14020)" [D:\LE TUNG\CS02\HK8\LTCSDL\online-sales-management-system\API\API.csproj]
     1>C:\Program Files\dotnet\sdk\10.0.102\Microsoft.Common.CurrentVersion.targets(5080,5): warning MSB3026: Could not copy "D:\LE TUNG\CS02\HK8\LTCSDL\online-sales-management-system\DAL\bin\Debug\net10.0\DAL.dll" to "bin\Debug\net10.0\DAL.dll". Beginning retry 1 in 1000ms. The process cannot access the file 'D:\LE TUNG\CS02\HK8\LTCSDL\online-sales-management-system\API\bin\Debug\net10.0\DAL.dll' because it is being used by another process. The file is locked by: "API (14020)" [D:\LE TUNG\CS02\HK8\LTCSDL\online-sales-management-system\API\API.csproj]
         Copying file from "D:\LE TUNG\CS02\HK8\LTCSDL\online-sales-management-system\Module\bin\Debug\net10.0\Model.dll" to "D:\LE TUNG\CS02\HK8\LTCSDL\online-sales-management-system\API\bin\Debug\net10.0\Model.dll".
         Copying file from "D:\LE TUNG\CS02\HK8\LTCSDL\online-sales-management-system\BLL\bin\Debug\net10.0\BLL.dll" to "D:\LE TUNG\CS02\HK8\LTCSDL\online-sales-management-system\API\bin\Debug\net10.0\BLL.dll".
         Copying file from "D:\LE TUNG\CS02\HK8\LTCSDL\online-sales-management-system\DAL\bin\Debug\net10.0\DAL.dll" to "D:\LE TUNG\CS02\HK8\LTCSDL\online-sales-management-system\API\bin\Debug\net10.0\DAL.dll".
     1>C:\Program Files\dotnet\sdk\10.0.102\Microsoft.Common.CurrentVersion.targets(5080,5): warning MSB3026: Could not copy "D:\LE TUNG\CS02\HK8\LTCSDL\online-sales-management-system\BLL\bin\Debug\net10.0\BLL.dll" to "bin\Debug\net10.0\BLL.dll". Beginning retry 2 in 1000ms. The process cannot access the file 'D:\LE TUNG\CS02\HK8\LTCSDL\online-sales-management-system\API\bin\Debug\net10.0\BLL.dll' because it is being used by another process. The file is locked by: "API (14020)" [D:\LE TUNG\CS02\HK8\LTCSDL\online-sales-management-system\API\API.csproj]
     1>C:\Program Files\dotnet\sdk\10.0.102\Microsoft.Common.CurrentVersion.targets(5080,5): warning MSB3026: Could not copy "D:\LE TUNG\CS02\HK8\LTCSDL\online-sales-management-system\Module\bin\Debug\net10.0\Model.dll" to "bin\Debug\net10.0\Model.dll". Beginning retry 2 in 1000ms. The process cannot access the file 'D:\LE TUNG\CS02\HK8\LTCSDL\online-sales-management-system\API\bin\Debug\net10.0\Model.dll' because it is being used by another process. The file is locked by: "API (14020)" [D:\LE TUNG\CS02\HK8\LTCSDL\online-sales-management-system\API\API.csproj]
     1>C:\Program Files\dotnet\sdk\10.0.102\Microsoft.Common.CurrentVersion.targets(5080,5): warning MSB3026: Could not copy "D:\LE TUNG\CS02\HK8\LTCSDL\online-sales-management-system\DAL\bin\Debug\net10.0\DAL.dll" to "bin\Debug\net10.0\DAL.dll". Beginning retry 2 in 1000ms. The process cannot access the file 'D:\LE TUNG\CS02\HK8\LTCSDL\online-sales-management-system\API\bin\Debug\net10.0\DAL.dll' because it is being used by another process. The file is locked by: "API (14020)" [D:\LE TUNG\CS02\HK8\LTCSDL\online-sales-management-system\API\API.csproj]
         Copying file from "D:\LE TUNG\CS02\HK8\LTCSDL\online-sales-management-system\BLL\bin\Debug\net10.0\BLL.dll" to "D:\LE TUNG\CS02\HK8\LTCSDL\online-sales-management-system\API\bin\Debug\net10.0\BLL.dll".
         Copying file from "D:\LE TUNG\CS02\HK8\LTCSDL\online-sales-management-system\DAL\bin\Debug\net10.0\DAL.dll" to "D:\LE TUNG\CS02\HK8\LTCSDL\online-sales-management-system\API\bin\Debug\net10.0\DAL.dll".
         Copying file from "D:\LE TUNG\CS02\HK8\LTCSDL\online-sales-management-system\Module\bin\Debug\net10.0\Model.dll" to "D:\LE TUNG\CS02\HK8\LTCSDL\online-sales-management-system\API\bin\Debug\net10.0\Model.dll".
     1>C:\Program Files\dotnet\sdk\10.0.102\Microsoft.Common.CurrentVersion.targets(5080,5): warning MSB3026: Could not copy "D:\LE TUNG\CS02\HK8\LTCSDL\online-sales-management-system\DAL\bin\Debug\net10.0\DAL.dll" to "bin\Debug\net10.0\DAL.dll". Beginning retry 3 in 1000ms. The process cannot access the file 'D:\LE TUNG\CS02\HK8\LTCSDL\online-sales-management-system\API\bin\Debug\net10.0\DAL.dll' because it is being used by another process. The file is locked by: "API (14020)" [D:\LE TUNG\CS02\HK8\LTCSDL\online-sales-management-system\API\API.csproj]
     1>C:\Program Files\dotnet\sdk\10.0.102\Microsoft.Common.CurrentVersion.targets(5080,5): warning MSB3026: Could not copy "D:\LE TUNG\CS02\HK8\LTCSDL\online-sales-management-system\Module\bin\Debug\net10.0\Model.dll" to "bin\Debug\net10.0\Model.dll". Beginning retry 3 in 1000ms. The process cannot access the file 'D:\LE TUNG\CS02\HK8\LTCSDL\online-sales-management-system\API\bin\Debug\net10.0\Model.dll' because it is being used by another process. The file is locked by: "API (14020)" [D:\LE TUNG\CS02\HK8\LTCSDL\online-sales-management-system\API\API.csproj]
     1>C:\Program Files\dotnet\sdk\10.0.102\Microsoft.Common.CurrentVersion.targets(5080,5): warning MSB3026: Could not copy "D:\LE TUNG\CS02\HK8\LTCSDL\online-sales-management-system\BLL\bin\Debug\net10.0\BLL.dll" to "bin\Debug\net10.0\BLL.dll". Beginning retry 3 in 1000ms. The process cannot access the file 'D:\LE TUNG\CS02\HK8\LTCSDL\online-sales-management-system\API\bin\Debug\net10.0\BLL.dll' because it is being used by another process. The file is locked by: "API (14020)" [D:\LE TUNG\CS02\HK8\LTCSDL\online-sales-management-system\API\API.csproj]
         Copying file from "D:\LE TUNG\CS02\HK8\LTCSDL\online-sales-management-system\DAL\bin\Debug\net10.0\DAL.dll" to "D:\LE TUNG\CS02\HK8\LTCSDL\online-sales-management-system\API\bin\Debug\net10.0\DAL.dll".
         Copying file from "D:\LE TUNG\CS02\HK8\LTCSDL\online-sales-management-system\Module\bin\Debug\net10.0\Model.dll" to "D:\LE TUNG\CS02\HK8\LTCSDL\online-sales-management-system\API\bin\Debug\net10.0\Model.dll".
         Copying file from "D:\LE TUNG\CS02\HK8\LTCSDL\online-sales-management-system\BLL\bin\Debug\net10.0\BLL.dll" to "D:\LE TUNG\CS02\HK8\LTCSDL\online-sales-management-system\API\bin\Debug\net10.0\BLL.dll".
     1>C:\Program Files\dotnet\sdk\10.0.102\Microsoft.Common.CurrentVersion.targets(5080,5): warning MSB3026: Could not copy "D:\LE TUNG\CS02\HK8\LTCSDL\online-sales-management-system\BLL\bin\Debug\net10.0\BLL.dll" to "bin\Debug\net10.0\BLL.dll". Beginning retry 4 in 1000ms. The process cannot access the file 'D:\LE TUNG\CS02\HK8\LTCSDL\online-sales-management-system\API\bin\Debug\net10.0\BLL.dll' because it is being used by another process. The file is locked by: "API (14020)" [D:\LE TUNG\CS02\HK8\LTCSDL\online-sales-management-system\API\API.csproj]
     1>C:\Program Files\dotnet\sdk\10.0.102\Microsoft.Common.CurrentVersion.targets(5080,5): warning MSB3026: Could not copy "D:\LE TUNG\CS02\HK8\LTCSDL\online-sales-management-system\DAL\bin\Debug\net10.0\DAL.dll" to "bin\Debug\net10.0\DAL.dll". Beginning retry 4 in 1000ms. The process cannot access the file 'D:\LE TUNG\CS02\HK8\LTCSDL\online-sales-management-system\API\bin\Debug\net10.0\DAL.dll' because it is being used by another process. The file is locked by: "API (14020)" [D:\LE TUNG\CS02\HK8\LTCSDL\online-sales-management-system\API\API.csproj]
     1>C:\Program Files\dotnet\sdk\10.0.102\Microsoft.Common.CurrentVersion.targets(5080,5): warning MSB3026: Could not copy "D:\LE TUNG\CS02\HK8\LTCSDL\online-sales-management-system\Module\bin\Debug\net10.0\Model.dll" to "bin\Debug\net10.0\Model.dll". Beginning retry 4 in 1000ms. The process cannot access the file 'D:\LE TUNG\CS02\HK8\LTCSDL\online-sales-management-system\API\bin\Debug\net10.0\Model.dll' because it is being used by another process. The file is locked by: "API (14020)" [D:\LE TUNG\CS02\HK8\LTCSDL\online-sales-management-system\API\API.csproj]
         Copying file from "D:\LE TUNG\CS02\HK8\LTCSDL\online-sales-management-system\BLL\bin\Debug\net10.0\BLL.dll" to "D:\LE TUNG\CS02\HK8\LTCSDL\online-sales-management-system\API\bin\Debug\net10.0\BLL.dll".
         Copying file from "D:\LE TUNG\CS02\HK8\LTCSDL\online-sales-management-system\Module\bin\Debug\net10.0\Model.dll" to "D:\LE TUNG\CS02\HK8\LTCSDL\online-sales-management-system\API\bin\Debug\net10.0\Model.dll".
         Copying file from "D:\LE TUNG\CS02\HK8\LTCSDL\online-sales-management-system\DAL\bin\Debug\net10.0\DAL.dll" to "D:\LE TUNG\CS02\HK8\LTCSDL\online-sales-management-system\API\bin\Debug\net10.0\DAL.dll".
     1>C:\Program Files\dotnet\sdk\10.0.102\Microsoft.Common.CurrentVersion.targets(5080,5): warning MSB3026: Could not copy "D:\LE TUNG\CS02\HK8\LTCSDL\online-sales-management-system\BLL\bin\Debug\net10.0\BLL.dll" to "bin\Debug\net10.0\BLL.dll". Beginning retry 5 in 1000ms. The process cannot access the file 'D:\LE TUNG\CS02\HK8\LTCSDL\online-sales-management-system\API\bin\Debug\net10.0\BLL.dll' because it is being used by another process. The file is locked by: "API (14020)" [D:\LE TUNG\CS02\HK8\LTCSDL\online-sales-management-system\API\API.csproj]
     1>C:\Program Files\dotnet\sdk\10.0.102\Microsoft.Common.CurrentVersion.targets(5080,5): warning MSB3026: Could not copy "D:\LE TUNG\CS02\HK8\LTCSDL\online-sales-management-system\Module\bin\Debug\net10.0\Model.dll" to "bin\Debug\net10.0\Model.dll". Beginning retry 5 in 1000ms. The process cannot access the file 'D:\LE TUNG\CS02\HK8\LTCSDL\online-sales-management-system\API\bin\Debug\net10.0\Model.dll' because it is being used by another process. The file is locked by: "API (14020)" [D:\LE TUNG\CS02\HK8\LTCSDL\online-sales-management-system\API\API.csproj]
     1>C:\Program Files\dotnet\sdk\10.0.102\Microsoft.Common.CurrentVersion.targets(5080,5): warning MSB3026: Could not copy "D:\LE TUNG\CS02\HK8\LTCSDL\online-sales-management-system\DAL\bin\Debug\net10.0\DAL.dll" to "bin\Debug\net10.0\DAL.dll". Beginning retry 5 in 1000ms. The process cannot access the file 'D:\LE TUNG\CS02\HK8\LTCSDL\online-sales-management-system\API\bin\Debug\net10.0\DAL.dll' because it is being used by another process. The file is locked by: "API (14020)" [D:\LE TUNG\CS02\HK8\LTCSDL\online-sales-management-system\API\API.csproj]
         Copying file from "D:\LE TUNG\CS02\HK8\LTCSDL\online-sales-management-system\BLL\bin\Debug\net10.0\BLL.dll" to "D:\LE TUNG\CS02\HK8\LTCSDL\online-sales-management-system\API\bin\Debug\net10.0\BLL.dll".
         Copying file from "D:\LE TUNG\CS02\HK8\LTCSDL\online-sales-management-system\DAL\bin\Debug\net10.0\DAL.dll" to "D:\LE TUNG\CS02\HK8\LTCSDL\online-sales-management-system\API\bin\Debug\net10.0\DAL.dll".
         Copying file from "D:\LE TUNG\CS02\HK8\LTCSDL\online-sales-management-system\Module\bin\Debug\net10.0\Model.dll" to "D:\LE TUNG\CS02\HK8\LTCSDL\online-sales-management-system\API\bin\Debug\net10.0\Model.dll".
     1>C:\Program Files\dotnet\sdk\10.0.102\Microsoft.Common.CurrentVersion.targets(5080,5): warning MSB3026: Could not copy "D:\LE TUNG\CS02\HK8\LTCSDL\online-sales-management-system\BLL\bin\Debug\net10.0\BLL.dll" to "bin\Debug\net10.0\BLL.dll". Beginning retry 6 in 1000ms. The process cannot access the file 'D:\LE TUNG\CS02\HK8\LTCSDL\online-sales-management-system\API\bin\Debug\net10.0\BLL.dll' because it is being used by another process. The file is locked by: "API (14020)" [D:\LE TUNG\CS02\HK8\LTCSDL\online-sales-management-system\API\API.csproj]
     1>C:\Program Files\dotnet\sdk\10.0.102\Microsoft.Common.CurrentVersion.targets(5080,5): warning MSB3026: Could not copy "D:\LE TUNG\CS02\HK8\LTCSDL\online-sales-management-system\DAL\bin\Debug\net10.0\DAL.dll" to "bin\Debug\net10.0\DAL.dll". Beginning retry 6 in 1000ms. The process cannot access the file 'D:\LE TUNG\CS02\HK8\LTCSDL\online-sales-management-system\API\bin\Debug\net10.0\DAL.dll' because it is being used by another process. The file is locked by: "API (14020)" [D:\LE TUNG\CS02\HK8\LTCSDL\online-sales-management-system\API\API.csproj]
     1>C:\Program Files\dotnet\sdk\10.0.102\Microsoft.Common.CurrentVersion.targets(5080,5): warning MSB3026: Could not copy "D:\LE TUNG\CS02\HK8\LTCSDL\online-sales-management-system\Module\bin\Debug\net10.0\Model.dll" to "bin\Debug\net10.0\Model.dll". Beginning retry 6 in 1000ms. The process cannot access the file 'D:\LE TUNG\CS02\HK8\LTCSDL\online-sales-management-system\API\bin\Debug\net10.0\Model.dll' because it is being used by another process. The file is locked by: "API (14020)" [D:\LE TUNG\CS02\HK8\LTCSDL\online-sales-management-system\API\API.csproj]
         Copying file from "D:\LE TUNG\CS02\HK8\LTCSDL\online-sales-management-system\BLL\bin\Debug\net10.0\BLL.dll" to "D:\LE TUNG\CS02\HK8\LTCSDL\online-sales-management-system\API\bin\Debug\net10.0\BLL.dll".
         Copying file from "D:\LE TUNG\CS02\HK8\LTCSDL\online-sales-management-system\DAL\bin\Debug\net10.0\DAL.dll" to "D:\LE TUNG\CS02\HK8\LTCSDL\online-sales-management-system\API\bin\Debug\net10.0\DAL.dll".
         Copying file from "D:\LE TUNG\CS02\HK8\LTCSDL\online-sales-management-system\Module\bin\Debug\net10.0\Model.dll" to "D:\LE TUNG\CS02\HK8\LTCSDL\online-sales-management-system\API\bin\Debug\net10.0\Model.dll".
     1>C:\Program Files\dotnet\sdk\10.0.102\Microsoft.Common.CurrentVersion.targets(5080,5): warning MSB3026: Could not copy "D:\LE TUNG\CS02\HK8\LTCSDL\online-sales-management-system\BLL\bin\Debug\net10.0\BLL.dll" to "bin\Debug\net10.0\BLL.dll". Beginning retry 7 in 1000ms. The process cannot access the file 'D:\LE TUNG\CS02\HK8\LTCSDL\online-sales-management-system\API\bin\Debug\net10.0\BLL.dll' because it is being used by another process. The file is locked by: "API (14020)" [D:\LE TUNG\CS02\HK8\LTCSDL\online-sales-management-system\API\API.csproj]
     1>C:\Program Files\dotnet\sdk\10.0.102\Microsoft.Common.CurrentVersion.targets(5080,5): warning MSB3026: Could not copy "D:\LE TUNG\CS02\HK8\LTCSDL\online-sales-management-system\Module\bin\Debug\net10.0\Model.dll" to "bin\Debug\net10.0\Model.dll". Beginning retry 7 in 1000ms. The process cannot access the file 'D:\LE TUNG\CS02\HK8\LTCSDL\online-sales-management-system\API\bin\Debug\net10.0\Model.dll' because it is being used by another process. The file is locked by: "API (14020)" [D:\LE TUNG\CS02\HK8\LTCSDL\online-sales-management-system\API\API.csproj]
     1>C:\Program Files\dotnet\sdk\10.0.102\Microsoft.Common.CurrentVersion.targets(5080,5): warning MSB3026: Could not copy "D:\LE TUNG\CS02\HK8\LTCSDL\online-sales-management-system\DAL\bin\Debug\net10.0\DAL.dll" to "bin\Debug\net10.0\DAL.dll". Beginning retry 7 in 1000ms. The process cannot access the file 'D:\LE TUNG\CS02\HK8\LTCSDL\online-sales-management-system\API\bin\Debug\net10.0\DAL.dll' because it is being used by another process. The file is locked by: "API (14020)" [D:\LE TUNG\CS02\HK8\LTCSDL\online-sales-management-system\API\API.csproj]
         Copying file from "D:\LE TUNG\CS02\HK8\LTCSDL\online-sales-management-system\BLL\bin\Debug\net10.0\BLL.dll" to "D:\LE TUNG\CS02\HK8\LTCSDL\online-sales-management-system\API\bin\Debug\net10.0\BLL.dll".
     1>C:\Program Files\dotnet\sdk\10.0.102\Microsoft.Common.CurrentVersion.targets(5080,5): warning MSB3026: Could not copy "D:\LE TUNG\CS02\HK8\LTCSDL\online-sales-management-system\BLL\bin\Debug\net10.0\BLL.dll" to "bin\Debug\net10.0\BLL.dll". Beginning retry 8 in 1000ms. The process cannot access the file 'D:\LE TUNG\CS02\HK8\LTCSDL\online-sales-management-system\API\bin\Debug\net10.0\BLL.dll' because it is being used by another process. The file is locked by: "API (14020)" [D:\LE TUNG\CS02\HK8\LTCSDL\online-sales-management-system\API\API.csproj]
         Copying file from "D:\LE TUNG\CS02\HK8\LTCSDL\online-sales-management-system\DAL\bin\Debug\net10.0\DAL.dll" to "D:\LE TUNG\CS02\HK8\LTCSDL\online-sales-management-system\API\bin\Debug\net10.0\DAL.dll".
         Copying file from "D:\LE TUNG\CS02\HK8\LTCSDL\online-sales-management-system\Module\bin\Debug\net10.0\Model.dll" to "D:\LE TUNG\CS02\HK8\LTCSDL\online-sales-management-system\API\bin\Debug\net10.0\Model.dll".
     1>C:\Program Files\dotnet\sdk\10.0.102\Microsoft.Common.CurrentVersion.targets(5080,5): warning MSB3026: Could not copy "D:\LE TUNG\CS02\HK8\LTCSDL\online-sales-management-system\Module\bin\Debug\net10.0\Model.dll" to "bin\Debug\net10.0\Model.dll". Beginning retry 8 in 1000ms. The process cannot access the file 'D:\LE TUNG\CS02\HK8\LTCSDL\online-sales-management-system\API\bin\Debug\net10.0\Model.dll' because it is being used by another process. The file is locked by: "API (14020)" [D:\LE TUNG\CS02\HK8\LTCSDL\online-sales-management-system\API\API.csproj]
     1>C:\Program Files\dotnet\sdk\10.0.102\Microsoft.Common.CurrentVersion.targets(5080,5): warning MSB3026: Could not copy "D:\LE TUNG\CS02\HK8\LTCSDL\online-sales-management-system\DAL\bin\Debug\net10.0\DAL.dll" to "bin\Debug\net10.0\DAL.dll". Beginning retry 8 in 1000ms. The process cannot access the file 'D:\LE TUNG\CS02\HK8\LTCSDL\online-sales-management-system\API\bin\Debug\net10.0\DAL.dll' because it is being used by another process. The file is locked by: "API (14020)" [D:\LE TUNG\CS02\HK8\LTCSDL\online-sales-management-system\API\API.csproj]
         Copying file from "D:\LE TUNG\CS02\HK8\LTCSDL\online-sales-management-system\BLL\bin\Debug\net10.0\BLL.dll" to "D:\LE TUNG\CS02\HK8\LTCSDL\online-sales-management-system\API\bin\Debug\net10.0\BLL.dll".
     1>C:\Program Files\dotnet\sdk\10.0.102\Microsoft.Common.CurrentVersion.targets(5080,5): warning MSB3026: Could not copy "D:\LE TUNG\CS02\HK8\LTCSDL\online-sales-management-system\BLL\bin\Debug\net10.0\BLL.dll" to "bin\Debug\net10.0\BLL.dll". Beginning retry 9 in 1000ms. The process cannot access the file 'D:\LE TUNG\CS02\HK8\LTCSDL\online-sales-management-system\API\bin\Debug\net10.0\BLL.dll' because it is being used by another process. The file is locked by: "API (14020)" [D:\LE TUNG\CS02\HK8\LTCSDL\online-sales-management-system\API\API.csproj]
         Copying file from "D:\LE TUNG\CS02\HK8\LTCSDL\online-sales-management-system\DAL\bin\Debug\net10.0\DAL.dll" to "D:\LE TUNG\CS02\HK8\LTCSDL\online-sales-management-system\API\bin\Debug\net10.0\DAL.dll".
         Copying file from "D:\LE TUNG\CS02\HK8\LTCSDL\online-sales-management-system\Module\bin\Debug\net10.0\Model.dll" to "D:\LE TUNG\CS02\HK8\LTCSDL\online-sales-management-system\API\bin\Debug\net10.0\Model.dll".
     1>C:\Program Files\dotnet\sdk\10.0.102\Microsoft.Common.CurrentVersion.targets(5080,5): warning MSB3026: Could not copy "D:\LE TUNG\CS02\HK8\LTCSDL\online-sales-management-system\Module\bin\Debug\net10.0\Model.dll" to "bin\Debug\net10.0\Model.dll". Beginning retry 9 in 1000ms. The process cannot access the file 'D:\LE TUNG\CS02\HK8\LTCSDL\online-sales-management-system\API\bin\Debug\net10.0\Model.dll' because it is being used by another process. The file is locked by: "API (14020)" [D:\LE TUNG\CS02\HK8\LTCSDL\online-sales-management-system\API\API.csproj]
     1>C:\Program Files\dotnet\sdk\10.0.102\Microsoft.Common.CurrentVersion.targets(5080,5): warning MSB3026: Could not copy "D:\LE TUNG\CS02\HK8\LTCSDL\online-sales-management-system\DAL\bin\Debug\net10.0\DAL.dll" to "bin\Debug\net10.0\DAL.dll". Beginning retry 9 in 1000ms. The process cannot access the file 'D:\LE TUNG\CS02\HK8\LTCSDL\online-sales-management-system\API\bin\Debug\net10.0\DAL.dll' because it is being used by another process. The file is locked by: "API (14020)" [D:\LE TUNG\CS02\HK8\LTCSDL\online-sales-management-system\API\API.csproj]
         Copying file from "D:\LE TUNG\CS02\HK8\LTCSDL\online-sales-management-system\BLL\bin\Debug\net10.0\BLL.dll" to "D:\LE TUNG\CS02\HK8\LTCSDL\online-sales-management-system\API\bin\Debug\net10.0\BLL.dll".
     1>C:\Program Files\dotnet\sdk\10.0.102\Microsoft.Common.CurrentVersion.targets(5080,5): warning MSB3026: Could not copy "D:\LE TUNG\CS02\HK8\LTCSDL\online-sales-management-system\BLL\bin\Debug\net10.0\BLL.dll" to "bin\Debug\net10.0\BLL.dll". Beginning retry 10 in 1000ms. The process cannot access the file 'D:\LE TUNG\CS02\HK8\LTCSDL\online-sales-management-system\API\bin\Debug\net10.0\BLL.dll' because it is being used by another process. The file is locked by: "API (14020)" [D:\LE TUNG\CS02\HK8\LTCSDL\online-sales-management-system\API\API.csproj]
         Copying file from "D:\LE TUNG\CS02\HK8\LTCSDL\online-sales-management-system\Module\bin\Debug\net10.0\Model.dll" to "D:\LE TUNG\CS02\HK8\LTCSDL\online-sales-management-system\API\bin\Debug\net10.0\Model.dll".
         Copying file from "D:\LE TUNG\CS02\HK8\LTCSDL\online-sales-management-system\DAL\bin\Debug\net10.0\DAL.dll" to "D:\LE TUNG\CS02\HK8\LTCSDL\online-sales-management-system\API\bin\Debug\net10.0\DAL.dll".
     1>C:\Program Files\dotnet\sdk\10.0.102\Microsoft.Common.CurrentVersion.targets(5080,5): warning MSB3026: Could not copy "D:\LE TUNG\CS02\HK8\LTCSDL\online-sales-management-system\Module\bin\Debug\net10.0\Model.dll" to "bin\Debug\net10.0\Model.dll". Beginning retry 10 in 1000ms. The process cannot access the file 'D:\LE TUNG\CS02\HK8\LTCSDL\online-sales-management-system\API\bin\Debug\net10.0\Model.dll' because it is being used by another process. The file is locked by: "API (14020)" [D:\LE TUNG\CS02\HK8\LTCSDL\online-sales-management-system\API\API.csproj]
     1>C:\Program Files\dotnet\sdk\10.0.102\Microsoft.Common.CurrentVersion.targets(5080,5): warning MSB3026: Could not copy "D:\LE TUNG\CS02\HK8\LTCSDL\online-sales-management-system\DAL\bin\Debug\net10.0\DAL.dll" to "bin\Debug\net10.0\DAL.dll". Beginning retry 10 in 1000ms. The process cannot access the file 'D:\LE TUNG\CS02\HK8\LTCSDL\online-sales-management-system\API\bin\Debug\net10.0\DAL.dll' because it is being used by another process. The file is locked by: "API (14020)" [D:\LE TUNG\CS02\HK8\LTCSDL\online-sales-management-system\API\API.csproj]
         Copying file from "D:\LE TUNG\CS02\HK8\LTCSDL\online-sales-management-system\BLL\bin\Debug\net10.0\BLL.dll" to "D:\LE TUNG\CS02\HK8\LTCSDL\online-sales-management-system\API\bin\Debug\net10.0\BLL.dll".
     1>C:\Program Files\dotnet\sdk\10.0.102\Microsoft.Common.CurrentVersion.targets(5080,5): error MSB3027: Could not copy "D:\LE TUNG\CS02\HK8\LTCSDL\online-sales-management-system\BLL\bin\Debug\net10.0\BLL.dll" to "bin\Debug\net10.0\BLL.dll". Exceeded retry count of 10. Failed. The file is locked by: "API (14020)" [D:\LE TUNG\CS02\HK8\LTCSDL\online-sales-management-system\API\API.csproj]
     1>C:\Program Files\dotnet\sdk\10.0.102\Microsoft.Common.CurrentVersion.targets(5080,5): error MSB3021: Unable to copy file "D:\LE TUNG\CS02\HK8\LTCSDL\online-sales-management-system\BLL\bin\Debug\net10.0\BLL.dll" to "bin\Debug\net10.0\BLL.dll". The process cannot access the file 'D:\LE TUNG\CS02\HK8\LTCSDL\online-sales-management-system\API\bin\Debug\net10.0\BLL.dll' because it is being used by another process. [D:\LE TUNG\CS02\HK8\LTCSDL\online-sales-management-system\API\API.csproj]
         Copying file from "D:\LE TUNG\CS02\HK8\LTCSDL\online-sales-management-system\Module\bin\Debug\net10.0\Model.dll" to "D:\LE TUNG\CS02\HK8\LTCSDL\online-sales-management-system\API\bin\Debug\net10.0\Model.dll".
         Copying file from "D:\LE TUNG\CS02\HK8\LTCSDL\online-sales-management-system\DAL\bin\Debug\net10.0\DAL.dll" to "D:\LE TUNG\CS02\HK8\LTCSDL\online-sales-management-system\API\bin\Debug\net10.0\DAL.dll".
     1>C:\Program Files\dotnet\sdk\10.0.102\Microsoft.Common.CurrentVersion.targets(5080,5): error MSB3027: Could not copy "D:\LE TUNG\CS02\HK8\LTCSDL\online-sales-management-system\DAL\bin\Debug\net10.0\DAL.dll" to "bin\Debug\net10.0\DAL.dll". Exceeded retry count of 10. Failed. The file is locked by: "API (14020)" [D:\LE TUNG\CS02\HK8\LTCSDL\online-sales-management-system\API\API.csproj]
     1>C:\Program Files\dotnet\sdk\10.0.102\Microsoft.Common.CurrentVersion.targets(5080,5): error MSB3021: Unable to copy file "D:\LE TUNG\CS02\HK8\LTCSDL\online-sales-management-system\DAL\bin\Debug\net10.0\DAL.dll" to "bin\Debug\net10.0\DAL.dll". The process cannot access the file 'D:\LE TUNG\CS02\HK8\LTCSDL\online-sales-management-system\API\bin\Debug\net10.0\DAL.dll' because it is being used by another process. [D:\LE TUNG\CS02\HK8\LTCSDL\online-sales-management-system\API\API.csproj]
     1>C:\Program Files\dotnet\sdk\10.0.102\Microsoft.Common.CurrentVersion.targets(5080,5): error MSB3027: Could not copy "D:\LE TUNG\CS02\HK8\LTCSDL\online-sales-management-system\Module\bin\Debug\net10.0\Model.dll" to "bin\Debug\net10.0\Model.dll". Exceeded retry count of 10. Failed. The file is locked by: "API (14020)" [D:\LE TUNG\CS02\HK8\LTCSDL\online-sales-management-system\API\API.csproj]
     1>C:\Program Files\dotnet\sdk\10.0.102\Microsoft.Common.CurrentVersion.targets(5080,5): error MSB3021: Unable to copy file "D:\LE TUNG\CS02\HK8\LTCSDL\online-sales-management-system\Module\bin\Debug\net10.0\Model.dll" to "bin\Debug\net10.0\Model.dll". The process cannot access the file 'D:\LE TUNG\CS02\HK8\LTCSDL\online-sales-management-system\API\bin\Debug\net10.0\Model.dll' because it is being used by another process. [D:\LE TUNG\CS02\HK8\LTCSDL\online-sales-management-system\API\API.csproj]
     1>Done Building Project "D:\LE TUNG\CS02\HK8\LTCSDL\online-sales-management-system\API\API.csproj" (default targets) -- FAILED.

Build FAILED.

       "D:\LE TUNG\CS02\HK8\LTCSDL\online-sales-management-system\API\API.csproj" (default target) (1:7) ->
       (_CopyFilesMarkedCopyLocal target) -> 
         C:\Program Files\dotnet\sdk\10.0.102\Microsoft.Common.CurrentVersion.targets(5080,5): warning MSB3026: Could not copy "D:\LE TUNG\CS02\HK8\LTCSDL\online-sales-management-system\BLL\bin\Debug\net10.0\BLL.dll" to "bin\Debug\net10.0\BLL.dll". Beginning retry 1 in 1000ms. The process cannot access the file 'D:\LE TUNG\CS02\HK8\LTCSDL\online-sales-management-system\API\bin\Debug\net10.0\BLL.dll' because it is being used by another process. The file is locked by: "API (14020)" [D:\LE TUNG\CS02\HK8\LTCSDL\online-sales-management-system\API\API.csproj]
         C:\Program Files\dotnet\sdk\10.0.102\Microsoft.Common.CurrentVersion.targets(5080,5): warning MSB3026: Could not copy "D:\LE TUNG\CS02\HK8\LTCSDL\online-sales-management-system\Module\bin\Debug\net10.0\Model.dll" to "bin\Debug\net10.0\Model.dll". Beginning retry 1 in 1000ms. The process cannot access the file 'D:\LE TUNG\CS02\HK8\LTCSDL\online-sales-management-system\API\bin\Debug\net10.0\Model.dll' because it is being used by another process. The file is locked by: "API (14020)" [D:\LE TUNG\CS02\HK8\LTCSDL\online-sales-management-system\API\API.csproj]
         C:\Program Files\dotnet\sdk\10.0.102\Microsoft.Common.CurrentVersion.targets(5080,5): warning MSB3026: Could not copy "D:\LE TUNG\CS02\HK8\LTCSDL\online-sales-management-system\DAL\bin\Debug\net10.0\DAL.dll" to "bin\Debug\net10.0\DAL.dll". Beginning retry 1 in 1000ms. The process cannot access the file 'D:\LE TUNG\CS02\HK8\LTCSDL\online-sales-management-system\API\bin\Debug\net10.0\DAL.dll' because it is being used by another process. The file is locked by: "API (14020)" [D:\LE TUNG\CS02\HK8\LTCSDL\online-sales-management-system\API\API.csproj]
         C:\Program Files\dotnet\sdk\10.0.102\Microsoft.Common.CurrentVersion.targets(5080,5): warning MSB3026: Could not copy "D:\LE TUNG\CS02\HK8\LTCSDL\online-sales-management-system\BLL\bin\Debug\net10.0\BLL.dll" to "bin\Debug\net10.0\BLL.dll". Beginning retry 2 in 1000ms. The process cannot access the file 'D:\LE TUNG\CS02\HK8\LTCSDL\online-sales-management-system\API\bin\Debug\net10.0\BLL.dll' because it is being used by another process. The file is locked by: "API (14020)" [D:\LE TUNG\CS02\HK8\LTCSDL\online-sales-management-system\API\API.csproj]
         C:\Program Files\dotnet\sdk\10.0.102\Microsoft.Common.CurrentVersion.targets(5080,5): warning MSB3026: Could not copy "D:\LE TUNG\CS02\HK8\LTCSDL\online-sales-management-system\Module\bin\Debug\net10.0\Model.dll" to "bin\Debug\net10.0\Model.dll". Beginning retry 2 in 1000ms. The process cannot access the file 'D:\LE TUNG\CS02\HK8\LTCSDL\online-sales-management-system\API\bin\Debug\net10.0\Model.dll' because it is being used by another process. The file is locked by: "API (14020)" [D:\LE TUNG\CS02\HK8\LTCSDL\online-sales-management-system\API\API.csproj]
         C:\Program Files\dotnet\sdk\10.0.102\Microsoft.Common.CurrentVersion.targets(5080,5): warning MSB3026: Could not copy "D:\LE TUNG\CS02\HK8\LTCSDL\online-sales-management-system\DAL\bin\Debug\net10.0\DAL.dll" to "bin\Debug\net10.0\DAL.dll". Beginning retry 2 in 1000ms. The process cannot access the file 'D:\LE TUNG\CS02\HK8\LTCSDL\online-sales-management-system\API\bin\Debug\net10.0\DAL.dll' because it is being used by another process. The file is locked by: "API (14020)" [D:\LE TUNG\CS02\HK8\LTCSDL\online-sales-management-system\API\API.csproj]
         C:\Program Files\dotnet\sdk\10.0.102\Microsoft.Common.CurrentVersion.targets(5080,5): warning MSB3026: Could not copy "D:\LE TUNG\CS02\HK8\LTCSDL\online-sales-management-system\DAL\bin\Debug\net10.0\DAL.dll" to "bin\Debug\net10.0\DAL.dll". Beginning retry 3 in 1000ms. The process cannot access the file 'D:\LE TUNG\CS02\HK8\LTCSDL\online-sales-management-system\API\bin\Debug\net10.0\DAL.dll' because it is being used by another process. The file is locked by: "API (14020)" [D:\LE TUNG\CS02\HK8\LTCSDL\online-sales-management-system\API\API.csproj]
         C:\Program Files\dotnet\sdk\10.0.102\Microsoft.Common.CurrentVersion.targets(5080,5): warning MSB3026: Could not copy "D:\LE TUNG\CS02\HK8\LTCSDL\online-sales-management-system\Module\bin\Debug\net10.0\Model.dll" to "bin\Debug\net10.0\Model.dll". Beginning retry 3 in 1000ms. The process cannot access the file 'D:\LE TUNG\CS02\HK8\LTCSDL\online-sales-management-system\API\bin\Debug\net10.0\Model.dll' because it is being used by another process. The file is locked by: "API (14020)" [D:\LE TUNG\CS02\HK8\LTCSDL\online-sales-management-system\API\API.csproj]
         C:\Program Files\dotnet\sdk\10.0.102\Microsoft.Common.CurrentVersion.targets(5080,5): warning MSB3026: Could not copy "D:\LE TUNG\CS02\HK8\LTCSDL\online-sales-management-system\BLL\bin\Debug\net10.0\BLL.dll" to "bin\Debug\net10.0\BLL.dll". Beginning retry 3 in 1000ms. The process cannot access the file 'D:\LE TUNG\CS02\HK8\LTCSDL\online-sales-management-system\API\bin\Debug\net10.0\BLL.dll' because it is being used by another process. The file is locked by: "API (14020)" [D:\LE TUNG\CS02\HK8\LTCSDL\online-sales-management-system\API\API.csproj]
         C:\Program Files\dotnet\sdk\10.0.102\Microsoft.Common.CurrentVersion.targets(5080,5): warning MSB3026: Could not copy "D:\LE TUNG\CS02\HK8\LTCSDL\online-sales-management-system\BLL\bin\Debug\net10.0\BLL.dll" to "bin\Debug\net10.0\BLL.dll". Beginning retry 4 in 1000ms. The process cannot access the file 'D:\LE TUNG\CS02\HK8\LTCSDL\online-sales-management-system\API\bin\Debug\net10.0\BLL.dll' because it is being used by another process. The file is locked by: "API (14020)" [D:\LE TUNG\CS02\HK8\LTCSDL\online-sales-management-system\API\API.csproj]
         C:\Program Files\dotnet\sdk\10.0.102\Microsoft.Common.CurrentVersion.targets(5080,5): warning MSB3026: Could not copy "D:\LE TUNG\CS02\HK8\LTCSDL\online-sales-management-system\DAL\bin\Debug\net10.0\DAL.dll" to "bin\Debug\net10.0\DAL.dll". Beginning retry 4 in 1000ms. The process cannot access the file 'D:\LE TUNG\CS02\HK8\LTCSDL\online-sales-management-system\API\bin\Debug\net10.0\DAL.dll' because it is being used by another process. The file is locked by: "API (14020)" [D:\LE TUNG\CS02\HK8\LTCSDL\online-sales-management-system\API\API.csproj]
         C:\Program Files\dotnet\sdk\10.0.102\Microsoft.Common.CurrentVersion.targets(5080,5): warning MSB3026: Could not copy "D:\LE TUNG\CS02\HK8\LTCSDL\online-sales-management-system\Module\bin\Debug\net10.0\Model.dll" to "bin\Debug\net10.0\Model.dll". Beginning retry 4 in 1000ms. The process cannot access the file 'D:\LE TUNG\CS02\HK8\LTCSDL\online-sales-management-system\API\bin\Debug\net10.0\Model.dll' because it is being used by another process. The file is locked by: "API (14020)" [D:\LE TUNG\CS02\HK8\LTCSDL\online-sales-management-system\API\API.csproj]
         C:\Program Files\dotnet\sdk\10.0.102\Microsoft.Common.CurrentVersion.targets(5080,5): warning MSB3026: Could not copy "D:\LE TUNG\CS02\HK8\LTCSDL\online-sales-management-system\BLL\bin\Debug\net10.0\BLL.dll" to "bin\Debug\net10.0\BLL.dll". Beginning retry 5 in 1000ms. The process cannot access the file 'D:\LE TUNG\CS02\HK8\LTCSDL\online-sales-management-system\API\bin\Debug\net10.0\BLL.dll' because it is being used by another process. The file is locked by: "API (14020)" [D:\LE TUNG\CS02\HK8\LTCSDL\online-sales-management-system\API\API.csproj]
         C:\Program Files\dotnet\sdk\10.0.102\Microsoft.Common.CurrentVersion.targets(5080,5): warning MSB3026: Could not copy "D:\LE TUNG\CS02\HK8\LTCSDL\online-sales-management-system\Module\bin\Debug\net10.0\Model.dll" to "bin\Debug\net10.0\Model.dll". Beginning retry 5 in 1000ms. The process cannot access the file 'D:\LE TUNG\CS02\HK8\LTCSDL\online-sales-management-system\API\bin\Debug\net10.0\Model.dll' because it is being used by another process. The file is locked by: "API (14020)" [D:\LE TUNG\CS02\HK8\LTCSDL\online-sales-management-system\API\API.csproj]
         C:\Program Files\dotnet\sdk\10.0.102\Microsoft.Common.CurrentVersion.targets(5080,5): warning MSB3026: Could not copy "D:\LE TUNG\CS02\HK8\LTCSDL\online-sales-management-system\DAL\bin\Debug\net10.0\DAL.dll" to "bin\Debug\net10.0\DAL.dll". Beginning retry 5 in 1000ms. The process cannot access the file 'D:\LE TUNG\CS02\HK8\LTCSDL\online-sales-management-system\API\bin\Debug\net10.0\DAL.dll' because it is being used by another process. The file is locked by: "API (14020)" [D:\LE TUNG\CS02\HK8\LTCSDL\online-sales-management-system\API\API.csproj]
         C:\Program Files\dotnet\sdk\10.0.102\Microsoft.Common.CurrentVersion.targets(5080,5): warning MSB3026: Could not copy "D:\LE TUNG\CS02\HK8\LTCSDL\online-sales-management-system\BLL\bin\Debug\net10.0\BLL.dll" to "bin\Debug\net10.0\BLL.dll". Beginning retry 6 in 1000ms. The process cannot access the file 'D:\LE TUNG\CS02\HK8\LTCSDL\online-sales-management-system\API\bin\Debug\net10.0\BLL.dll' because it is being used by another process. The file is locked by: "API (14020)" [D:\LE TUNG\CS02\HK8\LTCSDL\online-sales-management-system\API\API.csproj]
         C:\Program Files\dotnet\sdk\10.0.102\Microsoft.Common.CurrentVersion.targets(5080,5): warning MSB3026: Could not copy "D:\LE TUNG\CS02\HK8\LTCSDL\online-sales-management-system\DAL\bin\Debug\net10.0\DAL.dll" to "bin\Debug\net10.0\DAL.dll". Beginning retry 6 in 1000ms. The process cannot access the file 'D:\LE TUNG\CS02\HK8\LTCSDL\online-sales-management-system\API\bin\Debug\net10.0\DAL.dll' because it is being used by another process. The file is locked by: "API (14020)" [D:\LE TUNG\CS02\HK8\LTCSDL\online-sales-management-system\API\API.csproj]
         C:\Program Files\dotnet\sdk\10.0.102\Microsoft.Common.CurrentVersion.targets(5080,5): warning MSB3026: Could not copy "D:\LE TUNG\CS02\HK8\LTCSDL\online-sales-management-system\Module\bin\Debug\net10.0\Model.dll" to "bin\Debug\net10.0\Model.dll". Beginning retry 6 in 1000ms. The process cannot access the file 'D:\LE TUNG\CS02\HK8\LTCSDL\online-sales-management-system\API\bin\Debug\net10.0\Model.dll' because it is being used by another process. The file is locked by: "API (14020)" [D:\LE TUNG\CS02\HK8\LTCSDL\online-sales-management-system\API\API.csproj]
         C:\Program Files\dotnet\sdk\10.0.102\Microsoft.Common.CurrentVersion.targets(5080,5): warning MSB3026: Could not copy "D:\LE TUNG\CS02\HK8\LTCSDL\online-sales-management-system\BLL\bin\Debug\net10.0\BLL.dll" to "bin\Debug\net10.0\BLL.dll". Beginning retry 7 in 1000ms. The process cannot access the file 'D:\LE TUNG\CS02\HK8\LTCSDL\online-sales-management-system\API\bin\Debug\net10.0\BLL.dll' because it is being used by another process. The file is locked by: "API (14020)" [D:\LE TUNG\CS02\HK8\LTCSDL\online-sales-management-system\API\API.csproj]
         C:\Program Files\dotnet\sdk\10.0.102\Microsoft.Common.CurrentVersion.targets(5080,5): warning MSB3026: Could not copy "D:\LE TUNG\CS02\HK8\LTCSDL\online-sales-management-system\Module\bin\Debug\net10.0\Model.dll" to "bin\Debug\net10.0\Model.dll". Beginning retry 7 in 1000ms. The process cannot access the file 'D:\LE TUNG\CS02\HK8\LTCSDL\online-sales-management-system\API\bin\Debug\net10.0\Model.dll' because it is being used by another process. The file is locked by: "API (14020)" [D:\LE TUNG\CS02\HK8\LTCSDL\online-sales-management-system\API\API.csproj]
         C:\Program Files\dotnet\sdk\10.0.102\Microsoft.Common.CurrentVersion.targets(5080,5): warning MSB3026: Could not copy "D:\LE TUNG\CS02\HK8\LTCSDL\online-sales-management-system\DAL\bin\Debug\net10.0\DAL.dll" to "bin\Debug\net10.0\DAL.dll". Beginning retry 7 in 1000ms. The process cannot access the file 'D:\LE TUNG\CS02\HK8\LTCSDL\online-sales-management-system\API\bin\Debug\net10.0\DAL.dll' because it is being used by another process. The file is locked by: "API (14020)" [D:\LE TUNG\CS02\HK8\LTCSDL\online-sales-management-system\API\API.csproj]
         C:\Program Files\dotnet\sdk\10.0.102\Microsoft.Common.CurrentVersion.targets(5080,5): warning MSB3026: Could not copy "D:\LE TUNG\CS02\HK8\LTCSDL\online-sales-management-system\BLL\bin\Debug\net10.0\BLL.dll" to "bin\Debug\net10.0\BLL.dll". Beginning retry 8 in 1000ms. The process cannot access the file 'D:\LE TUNG\CS02\HK8\LTCSDL\online-sales-management-system\API\bin\Debug\net10.0\BLL.dll' because it is being used by another process. The file is locked by: "API (14020)" [D:\LE TUNG\CS02\HK8\LTCSDL\online-sales-management-system\API\API.csproj]
         C:\Program Files\dotnet\sdk\10.0.102\Microsoft.Common.CurrentVersion.targets(5080,5): warning MSB3026: Could not copy "D:\LE TUNG\CS02\HK8\LTCSDL\online-sales-management-system\Module\bin\Debug\net10.0\Model.dll" to "bin\Debug\net10.0\Model.dll". Beginning retry 8 in 1000ms. The process cannot access the file 'D:\LE TUNG\CS02\HK8\LTCSDL\online-sales-management-system\API\bin\Debug\net10.0\Model.dll' because it is being used by another process. The file is locked by: "API (14020)" [D:\LE TUNG\CS02\HK8\LTCSDL\online-sales-management-system\API\API.csproj]
         C:\Program Files\dotnet\sdk\10.0.102\Microsoft.Common.CurrentVersion.targets(5080,5): warning MSB3026: Could not copy "D:\LE TUNG\CS02\HK8\LTCSDL\online-sales-management-system\DAL\bin\Debug\net10.0\DAL.dll" to "bin\Debug\net10.0\DAL.dll". Beginning retry 8 in 1000ms. The process cannot access the file 'D:\LE TUNG\CS02\HK8\LTCSDL\online-sales-management-system\API\bin\Debug\net10.0\DAL.dll' because it is being used by another process. The file is locked by: "API (14020)" [D:\LE TUNG\CS02\HK8\LTCSDL\online-sales-management-system\API\API.csproj]
         C:\Program Files\dotnet\sdk\10.0.102\Microsoft.Common.CurrentVersion.targets(5080,5): warning MSB3026: Could not copy "D:\LE TUNG\CS02\HK8\LTCSDL\online-sales-management-system\BLL\bin\Debug\net10.0\BLL.dll" to "bin\Debug\net10.0\BLL.dll". Beginning retry 9 in 1000ms. The process cannot access the file 'D:\LE TUNG\CS02\HK8\LTCSDL\online-sales-management-system\API\bin\Debug\net10.0\BLL.dll' because it is being used by another process. The file is locked by: "API (14020)" [D:\LE TUNG\CS02\HK8\LTCSDL\online-sales-management-system\API\API.csproj]
         C:\Program Files\dotnet\sdk\10.0.102\Microsoft.Common.CurrentVersion.targets(5080,5): warning MSB3026: Could not copy "D:\LE TUNG\CS02\HK8\LTCSDL\online-sales-management-system\Module\bin\Debug\net10.0\Model.dll" to "bin\Debug\net10.0\Model.dll". Beginning retry 9 in 1000ms. The process cannot access the file 'D:\LE TUNG\CS02\HK8\LTCSDL\online-sales-management-system\API\bin\Debug\net10.0\Model.dll' because it is being used by another process. The file is locked by: "API (14020)" [D:\LE TUNG\CS02\HK8\LTCSDL\online-sales-management-system\API\API.csproj]
         C:\Program Files\dotnet\sdk\10.0.102\Microsoft.Common.CurrentVersion.targets(5080,5): warning MSB3026: Could not copy "D:\LE TUNG\CS02\HK8\LTCSDL\online-sales-management-system\DAL\bin\Debug\net10.0\DAL.dll" to "bin\Debug\net10.0\DAL.dll". Beginning retry 9 in 1000ms. The process cannot access the file 'D:\LE TUNG\CS02\HK8\LTCSDL\online-sales-management-system\API\bin\Debug\net10.0\DAL.dll' because it is being used by another process. The file is locked by: "API (14020)" [D:\LE TUNG\CS02\HK8\LTCSDL\online-sales-management-system\API\API.csproj]
         C:\Program Files\dotnet\sdk\10.0.102\Microsoft.Common.CurrentVersion.targets(5080,5): warning MSB3026: Could not copy "D:\LE TUNG\CS02\HK8\LTCSDL\online-sales-management-system\BLL\bin\Debug\net10.0\BLL.dll" to "bin\Debug\net10.0\BLL.dll". Beginning retry 10 in 1000ms. The process cannot access the file 'D:\LE TUNG\CS02\HK8\LTCSDL\online-sales-management-system\API\bin\Debug\net10.0\BLL.dll' because it is being used by another process. The file is locked by: "API (14020)" [D:\LE TUNG\CS02\HK8\LTCSDL\online-sales-management-system\API\API.csproj]
         C:\Program Files\dotnet\sdk\10.0.102\Microsoft.Common.CurrentVersion.targets(5080,5): warning MSB3026: Could not copy "D:\LE TUNG\CS02\HK8\LTCSDL\online-sales-management-system\Module\bin\Debug\net10.0\Model.dll" to "bin\Debug\net10.0\Model.dll". Beginning retry 10 in 1000ms. The process cannot access the file 'D:\LE TUNG\CS02\HK8\LTCSDL\online-sales-management-system\API\bin\Debug\net10.0\Model.dll' because it is being used by another process. The file is locked by: "API (14020)" [D:\LE TUNG\CS02\HK8\LTCSDL\online-sales-management-system\API\API.csproj]
         C:\Program Files\dotnet\sdk\10.0.102\Microsoft.Common.CurrentVersion.targets(5080,5): warning MSB3026: Could not copy "D:\LE TUNG\CS02\HK8\LTCSDL\online-sales-management-system\DAL\bin\Debug\net10.0\DAL.dll" to "bin\Debug\net10.0\DAL.dll". Beginning retry 10 in 1000ms. The process cannot access the file 'D:\LE TUNG\CS02\HK8\LTCSDL\online-sales-management-system\API\bin\Debug\net10.0\DAL.dll' because it is being used by another process. The file is locked by: "API (14020)" [D:\LE TUNG\CS02\HK8\LTCSDL\online-sales-management-system\API\API.csproj]


       "D:\LE TUNG\CS02\HK8\LTCSDL\online-sales-management-system\API\API.csproj" (default target) (1:7) ->
       (_CopyFilesMarkedCopyLocal target) -> 
         C:\Program Files\dotnet\sdk\10.0.102\Microsoft.Common.CurrentVersion.targets(5080,5): error MSB3027: Could not copy "D:\LE TUNG\CS02\HK8\LTCSDL\online-sales-management-system\BLL\bin\Debug\net10.0\BLL.dll" to "bin\Debug\net10.0\BLL.dll". Exceeded retry count of 10. Failed. The file is locked by: "API (14020)" [D:\LE TUNG\CS02\HK8\LTCSDL\online-sales-management-system\API\API.csproj]
         C:\Program Files\dotnet\sdk\10.0.102\Microsoft.Common.CurrentVersion.targets(5080,5): error MSB3021: Unable to copy file "D:\LE TUNG\CS02\HK8\LTCSDL\online-sales-management-system\BLL\bin\Debug\net10.0\BLL.dll" to "bin\Debug\net10.0\BLL.dll". The process cannot access the file 'D:\LE TUNG\CS02\HK8\LTCSDL\online-sales-management-system\API\bin\Debug\net10.0\BLL.dll' because it is being used by another process. [D:\LE TUNG\CS02\HK8\LTCSDL\online-sales-management-system\API\API.csproj]
         C:\Program Files\dotnet\sdk\10.0.102\Microsoft.Common.CurrentVersion.targets(5080,5): error MSB3027: Could not copy "D:\LE TUNG\CS02\HK8\LTCSDL\online-sales-management-system\DAL\bin\Debug\net10.0\DAL.dll" to "bin\Debug\net10.0\DAL.dll". Exceeded retry count of 10. Failed. The file is locked by: "API (14020)" [D:\LE TUNG\CS02\HK8\LTCSDL\online-sales-management-system\API\API.csproj]
         C:\Program Files\dotnet\sdk\10.0.102\Microsoft.Common.CurrentVersion.targets(5080,5): error MSB3021: Unable to copy file "D:\LE TUNG\CS02\HK8\LTCSDL\online-sales-management-system\DAL\bin\Debug\net10.0\DAL.dll" to "bin\Debug\net10.0\DAL.dll". The process cannot access the file 'D:\LE TUNG\CS02\HK8\LTCSDL\online-sales-management-system\API\bin\Debug\net10.0\DAL.dll' because it is being used by another process. [D:\LE TUNG\CS02\HK8\LTCSDL\online-sales-management-system\API\API.csproj]
         C:\Program Files\dotnet\sdk\10.0.102\Microsoft.Common.CurrentVersion.targets(5080,5): error MSB3027: Could not copy "D:\LE TUNG\CS02\HK8\LTCSDL\online-sales-management-system\Module\bin\Debug\net10.0\Model.dll" to "bin\Debug\net10.0\Model.dll". Exceeded retry count of 10. Failed. The file is locked by: "API (14020)" [D:\LE TUNG\CS02\HK8\LTCSDL\online-sales-management-system\API\API.csproj]
         C:\Program Files\dotnet\sdk\10.0.102\Microsoft.Common.CurrentVersion.targets(5080,5): error MSB3021: Unable to copy file "D:\LE TUNG\CS02\HK8\LTCSDL\online-sales-management-system\Module\bin\Debug\net10.0\Model.dll" to "bin\Debug\net10.0\Model.dll". The process cannot access the file 'D:\LE TUNG\CS02\HK8\LTCSDL\online-sales-management-system\API\bin\Debug\net10.0\Model.dll' because it is being used by another process. [D:\LE TUNG\CS02\HK8\LTCSDL\online-sales-management-system\API\API.csproj]

    30 Warning(s)
    6 Error(s)

Time Elapsed 00:00:14.17
